<a href="http://www.city.kyoto.jp/">京都</a>に行った.
<a href="http://www.yahoo.com/">Yahoo</a>とGoogle
