Ëè	*
Æü	*
¿	*
·	*
Ê¹	*
¼	*
ÒÆ	*
ÃÊ	*
Ì¸	*
ÜÌ	*
ä£´	*
»	*
á¤Î	*
Î¬	*
Îò	*
¡	*
¡	*
Í­	*
ÇÏ	*
Ï¯	*
¿	*
Í»	*
á¡¢	*
Çß	*
Üª	*
Ãé	*
É×	*
»	*
á¡¢	*
µ	*
þ	*
¶	*
Ë½	*
ã°ì	*
»	*
á¡¢	*
´	*
ÝÃ	*
«	*
º	*
Í°	*
ì»á	*
EOS
¡	*
¡	*
£	*
±	*
Æü	*
ÉÕ	*
¤	*
ÇË	*
èÆü	*
¿	*
·	*
Ê¹	*
¼	*
ÒÆ	*
ÃÊ	*
Ì¸	*
ÜÌ	*
ä¤Ë	*
°	*
Ñ¾	*
ü¤µ¤ì¤	*
¿	*
£	*
´	*
»	*
á¤Î	*
Î¬	*
Îò	*
¤	*
Ï¼	*
¡	*
¤	*
ÎÄ	*
Ì¤	*
ê¡£	*
EOS
